test right head commands finishes first
y
y
y
y
y
y
