999
888
1024
256
===1===
hi
world hello
a= b=2 c=1
a=1 b=2 3 4
===2===
