0
file-2.txt
0
==1==
hello
foo bar
7
       1       1       2
       1       3      25
       1       3      25
       0       0       0
==2==
